Testing Maze Solver...
PASS: Maze Solver
Testing Garbage Truck (Advanced)...
PASS: Garbage Truck (Advanced)
Testing Parking Generation...
PASS: Parking Generation
Testing Parking Finder...
PASS: Parking Finder
Testing Fault Diagnosis...
PASS: Diagnosis (Forward)
Testing Home Automation...
PASS: Automation
